cells-l8-freelist-flash-plain-sc	l8ffps01	HIDDEN
cells-l8-freelist-flash-plain-sc	l8ffps02	HIDDEN
cells-l8-freelist-flash-plain-sc	l8ffps03	HIDDEN
cells-l8-freelist-flash-salt-sc	l8ffss01	HIDDEN
cells-l8-freelist-flash-salt-sc	l8ffss02	HIDDEN
cells-l8-freelist-flash-salt-sc	l8ffss03	HIDDEN
cells-l8-freelist-pro-plain-sc	l8fpps01	HIDDEN
cells-l8-freelist-pro-plain-sc	l8fpps02	HIDDEN
cells-l8-freelist-pro-plain-sc	l8fpps03	HIDDEN
cells-l8-freelist-pro-salt-sc	l8fpss01	HIDDEN
cells-l8-freelist-pro-salt-sc	l8fpss02	HIDDEN
cells-l8-freelist-pro-salt-sc	l8fpss03	HIDDEN
cells-l8-lru-flash-plain-sc-tripwire	l8rfpw01	HIDDEN
cells-l8-lru-pro-plain-sc-rerun	l8rppr01	readable
cells-l8-lru-pro-plain-sc-rerun	l8rppr02	readable
cells-l8-lru-pro-plain-sc-rerun	l8rppr03	readable
cells-l8-lru-pro-plain-sc	l8rpps01	HIDDEN
cells-l8-lru-pro-plain-sc	l8rpps02	HIDDEN
cells-l8-lru-pro-plain-sc	l8rpps03	HIDDEN
cells-l8-lru-pro-salt-sc-rerun-a2	l8rpsra201	readable
cells-l8-lru-pro-salt-sc-rerun-a2	l8rpsra202	readable
cells-l8-lru-pro-salt-sc-rerun-a2	l8rpsra203	readable
cells-l8-lru-pro-salt-sc-rerun.DISCARDED-503-2026-09-23T21:33:23Z	l8rpsr01	readable
cells-l8-lru-pro-salt-sc-rerun.DISCARDED-503-2026-09-23T21:33:23Z	l8rpsr02	readable
cells-l8-lru-pro-salt-sc-rerun.DISCARDED-503-2026-09-23T21:33:23Z	l8rpsr03	readable
cells-l8-lru-pro-salt-sc	l8rpss01	HIDDEN
cells-l8-lru-pro-salt-sc	l8rpss02	HIDDEN
cells-l8-lru-pro-salt-sc	l8rpss03	HIDDEN
cells-l8-lzw-flash-plain-sc	l8zfps01	HIDDEN
cells-l8-lzw-flash-plain-sc	l8zfps02	HIDDEN
cells-l8-lzw-flash-plain-sc	l8zfps03	HIDDEN
cells-l8-lzw-flash-salt-sc	l8zfss01	HIDDEN
cells-l8-lzw-flash-salt-sc	l8zfss02	HIDDEN
cells-l8-lzw-flash-salt-sc	l8zfss03	HIDDEN
cells-l8-lzw-pro-plain-sc	l8zpps01	HIDDEN
cells-l8-lzw-pro-plain-sc	l8zpps02	HIDDEN
cells-l8-lzw-pro-plain-sc	l8zpps03	HIDDEN
cells-l8-lzw-pro-salt-sc	l8zpss01	HIDDEN
cells-l8-lzw-pro-salt-sc	l8zpss02	HIDDEN
cells-l8-lzw-pro-salt-sc	l8zpss03	HIDDEN
cells-l8-paxos-flash-plain-sc	l8xfps01	HIDDEN
cells-l8-paxos-flash-plain-sc	l8xfps02	HIDDEN
cells-l8-paxos-flash-plain-sc	l8xfps03	HIDDEN
cells-l8-paxos-flash-salt-sc	l8xfss01	HIDDEN
cells-l8-paxos-flash-salt-sc	l8xfss02	HIDDEN
cells-l8-paxos-flash-salt-sc	l8xfss03	HIDDEN
cells-l8-paxos-pro-plain-sc	l8xpps01	HIDDEN
cells-l8-paxos-pro-plain-sc	l8xpps02	HIDDEN
cells-l8-paxos-pro-plain-sc	l8xpps03	HIDDEN
cells-l8-paxos-pro-salt-sc	l8xpss01	HIDDEN
cells-l8-paxos-pro-salt-sc	l8xpss02	HIDDEN
cells-l8-paxos-pro-salt-sc	l8xpss03	HIDDEN
cells-l8u-dryrender-20260920T164330Z	l8dry01	HIDDEN
cells-l8u-dryrender-20260921T013757Z	l8dry01	HIDDEN
cells-l8u-dryrender-20260921T020049Z	l8dry01	HIDDEN
